TAP version 13
# Subtest: transient pulse activation failure retains the frozen world and retries the same prepared match
not ok 1 - transient pulse activation failure retains the frozen world and retries the same prepared match
  ---
  duration_ms: 75.817209
  location: '/private/tmp/fuse-riders-action-log/tests/direct-runtime.test.ts:1:42185'
  failureType: 'testCodeFailure'
  error: |-
    Expected values to be strictly equal:
    + actual - expected
    
    + 'Direct heartbeat activation failed — synchronizing'
    - undefined
    
  code: 'ERR_ASSERTION'
  name: 'AssertionError'
  actual: 'Direct heartbeat activation failed — synchronizing'
  operator: 'strictEqual'
  stack: |-
    TestContext.<anonymous> (/private/tmp/fuse-riders-action-log/tests/direct-runtime.test.ts:741:10)
    Test.runInAsyncScope (node:async_hooks:211:14)
    Test.run (node:internal/test_runner/test:979:25)
    Test.start (node:internal/test_runner/test:877:17)
    startSubtestAfterBootstrap (node:internal/test_runner/harness:296:17)
  ...
# Subtest: permanently unavailable pulse activation retains the bounded setup and recovery deadlines
not ok 2 - permanently unavailable pulse activation retains the bounded setup and recovery deadlines
  ---
  duration_ms: 45.017042
  location: '/private/tmp/fuse-riders-action-log/tests/direct-runtime.test.ts:1:43475'
  failureType: 'testCodeFailure'
  error: |-
    Expected values to be strictly equal:
    
    false !== true
    
  code: 'ERR_ASSERTION'
  name: 'AssertionError'
  expected: true
  actual: false
  operator: 'strictEqual'
  stack: |-
    TestContext.<anonymous> (/private/tmp/fuse-riders-action-log/tests/direct-runtime.test.ts:756:10)
    Test.runInAsyncScope (node:async_hooks:211:14)
    Test.run (node:internal/test_runner/test:979:25)
    Test.processPendingSubtests (node:internal/test_runner/test:677:18)
    Test.postRun (node:internal/test_runner/test:1090:19)
    Test.run (node:internal/test_runner/test:1018:12)
    async startSubtestAfterBootstrap (node:internal/test_runner/harness:296:3)
  ...
# Subtest: authority replacement during pulse activation cannot publish or acknowledge the retired preparation
not ok 3 - authority replacement during pulse activation cannot publish or acknowledge the retired preparation
  ---
  duration_ms: 32.364
  location: '/private/tmp/fuse-riders-action-log/tests/direct-runtime.test.ts:1:44212'
  failureType: 'testCodeFailure'
  error: |-
    Expected values to be strictly deep-equal:
    + actual - expected
    ... Skipped lines
    
      {
        blasts: [],
        bombs: [],
        boundaryInset: 20,
        height: 900,
    ...
        matchWinnerId: undefined,
    +   phase: 'countdown',
    +   phaseEndsAtTick: 60,
    -   phase: 'lobby',
    -   phaseEndsAtTick: undefined,
        pickups: [],
        players: [
          {
    +       alive: true,
    -       alive: false,
            angle: 0,
            avatarId: 'robot',
            blastLevel: 0,
            bombReadyAtTick: 0,
            color: '#22d3ee',
    ...
            fuseLevel: 0,
    +       gunArmed: false,
    -       gunArmed: undefined,
            id: 'p0',
            inkUntilTick: 0,
            invulnerableUntilTick: 0,
            name: 'p0',
            portalCooldownUntilTick: 0,
            portalGraceUntilTick: 0,
            roundWins: 0,
    +       shellArmed: false,
    -       shellArmed: undefined,
            shieldGraceUntilTick: 0,
            shielded: false,
            slot: 0,
            targetBombArmed: false,
            trail: [],
    ...
            x: 800,
    +       y: 197.99999999999997
    -       y: 450
          },
          {
    +       alive: true,
    +       angle: 2.094395102393195,
    -       alive: false,
    -       angle: 0,
            avatarId: 'robot',
            blastLevel: 0,
            bombReadyAtTick: 0,
            color: '#ff4fa3',
            connected: true,
    ...
            fuseLevel: 0,
    +       gunArmed: false,
    -       gunArmed: undefined,
            id: 'p1',
            inkUntilTick: 0,
            invulnerableUntilTick: 0,
            name: 'p1',
            portalCooldownUntilTick: 0,
            portalGraceUntilTick: 0,
            roundWins: 0,
    +       shellArmed: false,
    -       shellArmed: undefined,
            shieldGraceUntilTick: 0,
            shielded: false,
            slot: 1,
            targetBombArmed: false,
            trail: [],
            tripleShotArmed: false,
            waitingForNextRound: false,
    +       x: 1018.2384017536785,
    +       y: 576
    -       x: 800,
    -       y: 450
          },
          {
    +       alive: true,
    +       angle: 4.18879020478639,
    -       alive: false,
    -       angle: 0,
            avatarId: 'robot',
            blastLevel: 0,
            bombReadyAtTick: 0,
            color: '#a3e635',
            connected: true,
    ...
            fuseLevel: 0,
    +       gunArmed: false,
    -       gunArmed: undefined,
            id: 'p2',
            inkUntilTick: 0,
            invulnerableUntilTick: 0,
            name: 'p2',
            portalCooldownUntilTick: 0,
            portalGraceUntilTick: 0,
            roundWins: 0,
    +       shellArmed: false,
    -       shellArmed: undefined,
            shieldGraceUntilTick: 0,
            shielded: false,
            slot: 2,
            targetBombArmed: false,
            trail: [],
            tripleShotArmed: false,
            waitingForNextRound: false,
    +       x: 581.7615982463215,
    +       y: 576.0000000000001
    -       x: 800,
    -       y: 450
          }
        ],
        round: 1,
        roundPlacements: [],
        roundWinnerId: undefined,
    
  code: 'ERR_ASSERTION'
  name: 'AssertionError'
  expected:
    phase: 'lobby'
    width: 1600
    height: 900
    boundaryInset: 20
    players:
      0:
        id: 'p0'
        name: 'p0'
        avatarId: 'robot'
        slot: 0
        color: '#22d3ee'
        connected: true
        x: 800
        y: 450
        angle: 0
        alive: false
        waitingForNextRound: false
        roundWins: 0
        bombReadyAtTick: 0
        fuseLevel: 0
        blastLevel: 0
        invulnerableUntilTick: 0
        drunkUntilTick: 0
        inkUntilTick: 0
        targetBombArmed: false
        tripleShotArmed: false
        fiveShotArmed: false
        shielded: false
        shieldGraceUntilTick: 0
        portalCooldownUntilTick: 0
        portalGraceUntilTick: 0
        trail:
      1:
        id: 'p1'
        name: 'p1'
        avatarId: 'robot'
        slot: 1
        color: '#ff4fa3'
        connected: true
        x: 800
        y: 450
        angle: 0
        alive: false
        waitingForNextRound: false
        roundWins: 0
        bombReadyAtTick: 0
        fuseLevel: 0
        blastLevel: 0
        invulnerableUntilTick: 0
        drunkUntilTick: 0
        inkUntilTick: 0
        targetBombArmed: false
        tripleShotArmed: false
        fiveShotArmed: false
        shielded: false
        shieldGraceUntilTick: 0
        portalCooldownUntilTick: 0
        portalGraceUntilTick: 0
        trail:
      2:
        id: 'p2'
        name: 'p2'
        avatarId: 'robot'
        slot: 2
        color: '#a3e635'
        connected: true
        x: 800
        y: 450
        angle: 0
        alive: false
        waitingForNextRound: false
        roundWins: 0
        bombReadyAtTick: 0
        fuseLevel: 0
        blastLevel: 0
        invulnerableUntilTick: 0
        drunkUntilTick: 0
        inkUntilTick: 0
        targetBombArmed: false
        tripleShotArmed: false
        fiveShotArmed: false
        shielded: false
        shieldGraceUntilTick: 0
        portalCooldownUntilTick: 0
        portalGraceUntilTick: 0
        trail:
    bombs:
    blasts:
    pickups:
    leaderboard:
      0:
        id: 'p0'
        name: 'p0'
        totalScoreUnits: 0
        roundsPlayed: 0
        roundWins: 0
        matchWins: 0
      1:
        id: 'p1'
        name: 'p1'
        totalScoreUnits: 0
        roundsPlayed: 0
        roundWins: 0
        matchWins: 0
      2:
        id: 'p2'
        name: 'p2'
        totalScoreUnits: 0
        roundsPlayed: 0
        roundWins: 0
        matchWins: 0
    roundPlacements:
    matchStats:
    tick: 0
    round: 1
  actual:
    phase: 'countdown'
    phaseEndsAtTick: 60
    width: 1600
    height: 900
    boundaryInset: 20
    players:
      0:
        id: 'p0'
        name: 'p0'
        avatarId: 'robot'
        slot: 0
        color: '#22d3ee'
        connected: true
        x: 800
        y: 197.99999999999997
        angle: 0
        alive: true
        waitingForNextRound: false
        roundWins: 0
        bombReadyAtTick: 0
        fuseLevel: 0
        blastLevel: 0
        invulnerableUntilTick: 0
        drunkUntilTick: 0
        inkUntilTick: 0
        gunArmed: false
        shellArmed: false
        targetBombArmed: false
        tripleShotArmed: false
        fiveShotArmed: false
        shielded: false
        shieldGraceUntilTick: 0
        portalCooldownUntilTick: 0
        portalGraceUntilTick: 0
        trail:
      1:
        id: 'p1'
        name: 'p1'
        avatarId: 'robot'
        slot: 1
        color: '#ff4fa3'
        connected: true
        x: 1018.2384017536785
        y: 576
        angle: 2.094395102393195
        alive: true
        waitingForNextRound: false
        roundWins: 0
        bombReadyAtTick: 0
        fuseLevel: 0
        blastLevel: 0
        invulnerableUntilTick: 0
        drunkUntilTick: 0
        inkUntilTick: 0
        gunArmed: false
        shellArmed: false
        targetBombArmed: false
        tripleShotArmed: false
        fiveShotArmed: false
        shielded: false
        shieldGraceUntilTick: 0
        portalCooldownUntilTick: 0
        portalGraceUntilTick: 0
        trail:
      2:
        id: 'p2'
        name: 'p2'
        avatarId: 'robot'
        slot: 2
        color: '#a3e635'
        connected: true
        x: 581.7615982463215
        y: 576.0000000000001
        angle: 4.18879020478639
        alive: true
        waitingForNextRound: false
        roundWins: 0
        bombReadyAtTick: 0
        fuseLevel: 0
        blastLevel: 0
        invulnerableUntilTick: 0
        drunkUntilTick: 0
        inkUntilTick: 0
        gunArmed: false
        shellArmed: false
        targetBombArmed: false
        tripleShotArmed: false
        fiveShotArmed: false
        shielded: false
        shieldGraceUntilTick: 0
        portalCooldownUntilTick: 0
        portalGraceUntilTick: 0
        trail:
    bombs:
    blasts:
    pickups:
    leaderboard:
      0:
        id: 'p0'
        name: 'p0'
        totalScoreUnits: 0
        roundsPlayed: 0
        roundWins: 0
        matchWins: 0
      1:
        id: 'p1'
        name: 'p1'
        totalScoreUnits: 0
        roundsPlayed: 0
        roundWins: 0
        matchWins: 0
      2:
        id: 'p2'
        name: 'p2'
        totalScoreUnits: 0
        roundsPlayed: 0
        roundWins: 0
        matchWins: 0
    roundPlacements:
    matchStats:
    tick: 0
    round: 1
  operator: 'deepStrictEqual'
  stack: |-
    TestContext.<anonymous> (/private/tmp/fuse-riders-action-log/tests/direct-runtime.test.ts:774:10)
    Test.runInAsyncScope (node:async_hooks:211:14)
    Test.run (node:internal/test_runner/test:979:25)
    Test.processPendingSubtests (node:internal/test_runner/test:677:18)
    Test.postRun (node:internal/test_runner/test:1090:19)
    Test.run (node:internal/test_runner/test:1018:12)
    async Test.processPendingSubtests (node:internal/test_runner/test:677:7)
  ...
1..3
# tests 3
# suites 0
# pass 0
# fail 3
# cancelled 0
# skipped 0
# todo 0
# duration_ms 428.413792
