TAP version 13
# Subtest: settled room metadata stops repeating until a lifecycle change
not ok 1 - settled room metadata stops repeating until a lifecycle change
  ---
  duration_ms: 58.648
  location: '/private/tmp/fuse-riders-action-log/tests/direct-runtime.test.ts:1:17771'
  failureType: 'testCodeFailure'
  error: |-
    Expected values to be strictly equal:
    
    16 !== 0
    
  code: 'ERR_ASSERTION'
  name: 'AssertionError'
  expected: 0
  actual: 16
  operator: 'strictEqual'
  stack: |-
    TestContext.<anonymous> (/private/tmp/fuse-riders-action-log/tests/direct-runtime.test.ts:312:10)
    Test.runInAsyncScope (node:async_hooks:211:14)
    Test.run (node:internal/test_runner/test:979:25)
    Test.start (node:internal/test_runner/test:877:17)
    startSubtestAfterBootstrap (node:internal/test_runner/harness:296:17)
  ...
# Subtest: a rejected plan enqueue and missing acknowledgement retry without reinstalling the plan
not ok 2 - a rejected plan enqueue and missing acknowledgement retry without reinstalling the plan
  ---
  duration_ms: 42.434958
  location: '/private/tmp/fuse-riders-action-log/tests/direct-runtime.test.ts:1:18302'
  failureType: 'testCodeFailure'
  error: |-
    Expected values to be strictly equal:
    
    false !== true
    
  code: 'ERR_ASSERTION'
  name: 'AssertionError'
  expected: true
  actual: false
  operator: 'strictEqual'
  stack: |-
    TestContext.<anonymous> (/private/tmp/fuse-riders-action-log/tests/direct-runtime.test.ts:331:44)
    Test.runInAsyncScope (node:async_hooks:211:14)
    Test.run (node:internal/test_runner/test:979:25)
    Test.processPendingSubtests (node:internal/test_runner/test:677:18)
    Test.postRun (node:internal/test_runner/test:1090:19)
    Test.run (node:internal/test_runner/test:1018:12)
    async startSubtestAfterBootstrap (node:internal/test_runner/harness:296:3)
  ...
1..2
# tests 2
# suites 0
# pass 0
# fail 2
# cancelled 0
# skipped 0
# todo 0
# duration_ms 316.746291
