TAP version 13
# Subtest: an intentionally idle shared lobby does not keep a previous simulation recovery deadline running
not ok 1 - an intentionally idle shared lobby does not keep a previous simulation recovery deadline running
  ---
  duration_ms: 150.62675
  location: '/private/tmp/fuse-riders-action-log/tests/direct-runtime.test.ts:1:22112'
  failureType: 'testCodeFailure'
  error: |-
    Expected values to be strictly equal:
    
    true !== false
    
  code: 'ERR_ASSERTION'
  name: 'AssertionError'
  expected: false
  actual: true
  operator: 'strictEqual'
  stack: |-
    TestContext.<anonymous> (/private/tmp/fuse-riders-action-log/tests/direct-runtime.test.ts:394:12)
    Test.runInAsyncScope (node:async_hooks:211:14)
    Test.run (node:internal/test_runner/test:979:25)
    Test.start (node:internal/test_runner/test:877:17)
    startSubtestAfterBootstrap (node:internal/test_runner/harness:296:17)
  ...
1..1
# tests 1
# suites 0
# pass 0
# fail 1
# cancelled 0
# skipped 0
# todo 0
# duration_ms 370.461875
