TAP version 13
# Subtest: seeded jitter reorders fast actions but keeps reliable messages ordered and copies queued binary data
ok 1 - seeded jitter reorders fast actions but keeps reliable messages ordered and copies queued binary data
  ---
  duration_ms: 0.840958
  ...
# Subtest: fast loss leaves reliable delivery intact and shared sender bandwidth delays both channels
ok 2 - fast loss leaves reliable delivery intact and shared sender bandwidth delays both channels
  ---
  duration_ms: 0.0755
  ...
# Subtest: fixture queues are bounded and report overflow and closed sends explicitly
ok 3 - fixture queues are bounded and report overflow and closed sends explicitly
  ---
  duration_ms: 2.372625
  ...
# Subtest: per-channel buffered amount includes synthetic backlog until send and resets on stop
ok 4 - per-channel buffered amount includes synthetic backlog until send and resets on stop
  ---
  duration_ms: 0.13175
  ...
# Subtest: runtime activates direct simulators, starts a match and sends actions directly between guests
ok 5 - runtime activates direct simulators, starts a match and sends actions directly between guests
  ---
  duration_ms: 118.868375
  ...
# Subtest: a failed first recovery enqueue is retried and replaces the paused segment
ok 6 - a failed first recovery enqueue is retried and replaces the paused segment
  ---
  duration_ms: 41.78725
  ...
# Subtest: an unavailable recovery coordinator produces a bounded visible fresh-lobby state
ok 7 - an unavailable recovery coordinator produces a bounded visible fresh-lobby state
  ---
  duration_ms: 49.427
  ...
# Subtest: a release without a usable tick freezes its gesture before a fresh clock can resume input
ok 8 - a release without a usable tick freezes its gesture before a fresh clock can resume input
  ---
  duration_ms: 137.786208
  ...
# Subtest: a refreshed delegated TV without a simulation base pauses instead of creating a new match
ok 9 - a refreshed delegated TV without a simulation base pauses instead of creating a new match
  ---
  duration_ms: 21.089333
  ...
# Subtest: creator refresh in a settled lobby preserves the checkpoint and can switch to shared TV mode
ok 10 - creator refresh in a settled lobby preserves the checkpoint and can switch to shared TV mode
  ---
  duration_ms: 133.725708
  ...
# Subtest: a refreshed guest can rejoin with a fresh command sequence on its replacement connection
ok 11 - a refreshed guest can rejoin with a fresh command sequence on its replacement connection
  ---
  duration_ms: 43.432166
  ...
# Subtest: four healthy connection rebuilds do not consume the corrupt-state recovery budget
ok 12 - four healthy connection rebuilds do not consume the corrupt-state recovery budget
  ---
  duration_ms: 133.978709
  ...
# Subtest: a running recovery episode cannot reset its deadline through clock readiness without finality
ok 13 - a running recovery episode cannot reset its deadline through clock readiness without finality
  ---
  duration_ms: 240.8955
  ...
# Subtest: a delegated coordinator stops retrying an unavailable creator after the plan-request deadline
ok 14 - a delegated coordinator stops retrying an unavailable creator after the plan-request deadline
  ---
  duration_ms: 38.412292
  ...
# Subtest: a delayed current-alias activation cannot resume a latched recovery timeout
ok 15 - a delayed current-alias activation cannot resume a latched recovery timeout
  ---
  duration_ms: 195.5715
  ...
# Subtest: a guest returns after a service-observed departure and lobby seat removal
ok 16 - a guest returns after a service-observed departure and lobby seat removal
  ---
  duration_ms: 43.227375
  ...
# Subtest: invalid future actions do not consume the checkpoint and hash recovery budget
ok 17 - invalid future actions do not consume the checkpoint and hash recovery budget
  ---
  duration_ms: 87.403334
  ...
# Subtest: conflicting metadata for an installed preparation charges one corrupt recovery attempt
ok 18 - conflicting metadata for an installed preparation charges one corrupt recovery attempt
  ---
  duration_ms: 38.612958
  ...
# Subtest: checkpoint backpressure pauses preparation and resumes the same transfer after drain
ok 19 - checkpoint backpressure pauses preparation and resumes the same transfer after drain
  ---
  duration_ms: 36.367875
  ...
# Subtest: header and header-ACK enqueue failures retry delivery without substituting for readiness
ok 20 - header and header-ACK enqueue failures retry delivery without substituting for readiness
  ---
  duration_ms: 42.424958
  ...
# Subtest: persistent checkpoint backpressure cannot extend the recovery deadline indefinitely
ok 21 - persistent checkpoint backpressure cannot extend the recovery deadline indefinitely
  ---
  duration_ms: 151.096541
  ...
# Subtest: new creator plans cannot postpone an unfinished guest recovery episode indefinitely
ok 22 - new creator plans cannot postpone an unfinished guest recovery episode indefinitely
  ---
  duration_ms: 148.860791
  ...
# Subtest: an accepted plan without a preparation header times out visibly
ok 23 - an accepted plan without a preparation header times out visibly
  ---
  duration_ms: 149.527208
  ...
# Subtest: new plans without any headers cannot restart the guest availability deadline
ok 24 - new plans without any headers cannot restart the guest availability deadline
  ---
  duration_ms: 146.833375
  ...
# Subtest: settled room metadata stops repeating until a lifecycle change
ok 25 - settled room metadata stops repeating until a lifecycle change
  ---
  duration_ms: 51.640041
  ...
# Subtest: a rejected plan enqueue and missing acknowledgement retry without reinstalling the plan
ok 26 - a rejected plan enqueue and missing acknowledgement retry without reinstalling the plan
  ---
  duration_ms: 42.613583
  ...
# Subtest: stale and foreign acknowledgements cannot stop paced plan delivery, even with duplicate hellos
ok 27 - stale and foreign acknowledgements cannot stop paced plan delivery, even with duplicate hellos
  ---
  duration_ms: 34.7595
  ...
# Subtest: only an identical current plan duplicate receives another delivery acknowledgement
ok 28 - only an identical current plan duplicate receives another delivery acknowledgement
  ---
  duration_ms: 34.194042
  ...
# Subtest: delegated setup request retries do not resend an already acknowledged room plan
ok 29 - delegated setup request retries do not resend an already acknowledged room plan
  ---
  duration_ms: 19.88175
  ...
# Subtest: an intentionally idle shared lobby does not keep a previous simulation recovery deadline running
ok 30 - an intentionally idle shared lobby does not keep a previous simulation recovery deadline running
  ---
  duration_ms: 164.485708
  ...
# Subtest: freezing a runtime deactivates its installed alias before another preparation
ok 31 - freezing a runtime deactivates its installed alias before another preparation
  ---
  duration_ms: 34.522708
  ...
1..31
# tests 31
# suites 0
# pass 31
# fail 0
# cancelled 0
# skipped 0
# todo 0
# duration_ms 2529.875791
