TAP version 13
# Subtest: seeded jitter reorders fast actions but keeps reliable messages ordered and copies queued binary data
ok 1 - seeded jitter reorders fast actions but keeps reliable messages ordered and copies queued binary data
  ---
  duration_ms: 0.817208
  ...
# Subtest: fast loss leaves reliable delivery intact and shared sender bandwidth delays both channels
ok 2 - fast loss leaves reliable delivery intact and shared sender bandwidth delays both channels
  ---
  duration_ms: 0.067833
  ...
# Subtest: fixture queues are bounded and report overflow and closed sends explicitly
ok 3 - fixture queues are bounded and report overflow and closed sends explicitly
  ---
  duration_ms: 2.285208
  ...
# Subtest: per-channel buffered amount excludes propagation delay after shared serialization and resets on stop
ok 4 - per-channel buffered amount excludes propagation delay after shared serialization and resets on stop
  ---
  duration_ms: 0.114542
  ...
1..4
# tests 4
# suites 0
# pass 4
# fail 0
# cancelled 0
# skipped 0
# todo 0
# duration_ms 146.436125
