chromium 17 {
  ticks: 600,
  rollback: {
    count: 289,
    p50: 1.700000286102295,
    p95: 3.0999999046325684,
    p99: 3.799999713897705,
    max: 8.099999904632568
  },
  retained: { count: 60, p50: 93205, p95: 102950, p99: 105344, max: 105344 }
}
chromium 42 {
  ticks: 600,
  rollback: {
    count: 258,
    p50: 1.700000286102295,
    p95: 3.3000001907348633,
    p99: 3.799999713897705,
    max: 4.400000095367432
  },
  retained: { count: 60, p50: 92281, p95: 107088, p99: 109758, max: 109758 }
}
chromium 901 {
  ticks: 600,
  rollback: {
    count: 256,
    p50: 1.9000000953674316,
    p95: 3.4000000953674316,
    p99: 3.8000001907348633,
    max: 7.599999904632568
  },
  retained: { count: 60, p50: 93855, p95: 105353, p99: 107465, max: 107465 }
}
webkit 17 {
  ticks: 600,
  rollback: { count: 289, p50: 2, p95: 3, p99: 4, max: 6 },
  retained: { count: 60, p50: 93205, p95: 102950, p99: 105344, max: 105344 }
}
webkit 42 {
  ticks: 600,
  rollback: { count: 258, p50: 1, p95: 4, p99: 4, max: 5 },
  retained: { count: 60, p50: 92281, p95: 107088, p99: 109758, max: 109758 }
}
webkit 901 {
  ticks: 600,
  rollback: { count: 256, p50: 2, p95: 3, p99: 4, max: 4 },
  retained: { count: 60, p50: 93855, p95: 105353, p99: 107465, max: 107465 }
}
