TAP version 13
# Subtest: each pair elects one initiator, with the follower initiating clock exchanges
ok 1 - each pair elects one initiator, with the follower initiating clock exchanges
  ---
  duration_ms: 0.368292
  ...
# Subtest: quiet healthy pairs exchange one request/reply per second and confirm both directions
ok 2 - quiet healthy pairs exchange one request/reply per second and confirm both directions
  ---
  duration_ms: 3.037417
  ...
# Subtest: lost replies and rejected enqueues retry with fresh IDs then return to the quiet cadence
ok 3 - lost replies and rejected enqueues retry with fresh IDs then return to the quiet cadence
  ---
  duration_ms: 0.614875
  ...
# Subtest: one-sided loss cannot keep the responder healthy with fresh requests alone
ok 4 - one-sided loss cannot keep the responder healthy with fresh requests alone
  ---
  duration_ms: 2.202458
  ...
# Subtest: replayed or reordered heartbeat IDs cannot reinstall data or refresh acknowledgement time
ok 5 - replayed or reordered heartbeat IDs cannot reinstall data or refresh acknowledgement time
  ---
  duration_ms: 0.2005
  ...
# Subtest: late or unsolicited replies cannot qualify a clock or link
ok 6 - late or unsolicited replies cannot qualify a clock or link
  ---
  duration_ms: 0.118875
  ...
# Subtest: shape, nested alias/nonce, role and byte checks precede application acceptance
ok 7 - shape, nested alias/nonce, role and byte checks precede application acceptance
  ---
  duration_ms: 0.410083
  ...
# Subtest: a rejected application candidate consumes no incoming identity or health evidence
ok 8 - a rejected application candidate consumes no incoming identity or health evidence
  ---
  duration_ms: 0.104583
  ...
# Subtest: fast qualification is bounded, stop clears attempts, and sequence exhaustion never wraps
ok 9 - fast qualification is bounded, stop clears attempts, and sequence exhaustion never wraps
  ---
  duration_ms: 0.980959
  ...
# Subtest: maximum integer cuts, receipts and certificate fit the complete fast packet budget
ok 10 - maximum integer cuts, receipts and certificate fit the complete fast packet budget
  ---
  duration_ms: 0.475792
  ...
# Subtest: non-clock pairs accept delayed liveness evidence only within its 2.5 second window
ok 11 - non-clock pairs accept delayed liveness evidence only within its 2.5 second window
  ---
  duration_ms: 0.141833
  ...
# Subtest: stopping a scope inside application callbacks prevents sends and acknowledgement installation
ok 12 - stopping a scope inside application callbacks prevents sends and acknowledgement installation
  ---
  duration_ms: 0.091292
  ...
# Subtest: synchronous request and reply delivery preserves pending correlation and quiet cadence
ok 13 - synchronous request and reply delivery preserves pending correlation and quiet cadence
  ---
  duration_ms: 0.102375
  ...
# Subtest: a responder stopped while constructing or sending its reply cannot establish remote proof
ok 14 - a responder stopped while constructing or sending its reply cannot establish remote proof
  ---
  duration_ms: 0.175625
  ...
# Subtest: one-second exchanges carry real correlated clock samples without separate probes
ok 15 - one-second exchanges carry real correlated clock samples without separate probes
  ---
  duration_ms: 2.272042
  ...
1..15
# tests 15
# suites 0
# pass 15
# fail 0
# cancelled 0
# skipped 0
# todo 0
# duration_ms 152.6345
