TAP version 13
# Subtest: runtime activates direct simulators, starts a match and sends actions directly between guests
ok 1 - runtime activates direct simulators, starts a match and sends actions directly between guests
  ---
  duration_ms: 141.767291
  ...
# Subtest: a failed first recovery enqueue is retried and replaces the paused segment
ok 2 - a failed first recovery enqueue is retried and replaces the paused segment
  ---
  duration_ms: 40.397416
  ...
# Subtest: an unavailable recovery coordinator produces a bounded visible fresh-lobby state
ok 3 - an unavailable recovery coordinator produces a bounded visible fresh-lobby state
  ---
  duration_ms: 47.904209
  ...
# Subtest: a release without a usable tick freezes its gesture before a fresh clock can resume input
ok 4 - a release without a usable tick freezes its gesture before a fresh clock can resume input
  ---
  duration_ms: 174.620125
  ...
# Subtest: a refreshed delegated TV without a simulation base pauses instead of creating a new match
ok 5 - a refreshed delegated TV without a simulation base pauses instead of creating a new match
  ---
  duration_ms: 24.30675
  ...
# Subtest: creator refresh in a settled lobby preserves the checkpoint and can switch to shared TV mode
ok 6 - creator refresh in a settled lobby preserves the checkpoint and can switch to shared TV mode
  ---
  duration_ms: 164.725792
  ...
# Subtest: a refreshed guest can rejoin with a fresh command sequence on its replacement connection
ok 7 - a refreshed guest can rejoin with a fresh command sequence on its replacement connection
  ---
  duration_ms: 42.781958
  ...
# Subtest: four healthy connection rebuilds do not consume the corrupt-state recovery budget
ok 8 - four healthy connection rebuilds do not consume the corrupt-state recovery budget
  ---
  duration_ms: 155.732917
  ...
# Subtest: a running recovery episode cannot reset its deadline through clock readiness without finality
ok 9 - a running recovery episode cannot reset its deadline through clock readiness without finality
  ---
  duration_ms: 371.193291
  ...
# Subtest: a delegated coordinator stops retrying an unavailable creator after the plan-request deadline
ok 10 - a delegated coordinator stops retrying an unavailable creator after the plan-request deadline
  ---
  duration_ms: 36.953167
  ...
# Subtest: a delayed current-alias activation cannot resume a latched recovery timeout
ok 11 - a delayed current-alias activation cannot resume a latched recovery timeout
  ---
  duration_ms: 189.001917
  ...
# Subtest: a guest returns after a service-observed departure and lobby seat removal
ok 12 - a guest returns after a service-observed departure and lobby seat removal
  ---
  duration_ms: 43.755
  ...
# Subtest: invalid future actions do not consume the checkpoint and hash recovery budget
ok 13 - invalid future actions do not consume the checkpoint and hash recovery budget
  ---
  duration_ms: 84.186292
  ...
# Subtest: conflicting metadata for an installed preparation charges one corrupt recovery attempt
ok 14 - conflicting metadata for an installed preparation charges one corrupt recovery attempt
  ---
  duration_ms: 36.857458
  ...
# Subtest: checkpoint backpressure pauses preparation and resumes the same transfer after drain
ok 15 - checkpoint backpressure pauses preparation and resumes the same transfer after drain
  ---
  duration_ms: 41.796541
  ...
# Subtest: persistent checkpoint backpressure cannot extend the recovery deadline indefinitely
ok 16 - persistent checkpoint backpressure cannot extend the recovery deadline indefinitely
  ---
  duration_ms: 171.595083
  ...
# Subtest: new creator plans cannot postpone an unfinished guest recovery episode indefinitely
ok 17 - new creator plans cannot postpone an unfinished guest recovery episode indefinitely
  ---
  duration_ms: 152.7465
  ...
# Subtest: an accepted plan without a preparation header times out visibly
ok 18 - an accepted plan without a preparation header times out visibly
  ---
  duration_ms: 151.026833
  ...
# Subtest: new plans without any headers cannot restart the guest availability deadline
ok 19 - new plans without any headers cannot restart the guest availability deadline
  ---
  duration_ms: 145.7025
  ...
# Subtest: healthy open channel under the buffer limit is permitted for gameplay and probes
ok 20 - healthy open channel under the buffer limit is permitted for gameplay and probes
  ---
  duration_ms: 0.344583
  ...
# Subtest: a closing signal recorded before the DOM readyState changes blocks gameplay and probe sends
ok 21 - a closing signal recorded before the DOM readyState changes blocks gameplay and probe sends
  ---
  duration_ms: 0.055959
  ...
# Subtest: bulk transfer idle permission requires an open, fully drained, undrained action channel
ok 22 - bulk transfer idle permission requires an open, fully drained, undrained action channel
  ---
  duration_ms: 0.05675
  ...
1..22
# tests 22
# suites 0
# pass 22
# fail 0
# cancelled 0
# skipped 0
# todo 0
# duration_ms 2434.598583
