TAP version 13
# Subtest: new creator plans cannot postpone an unfinished guest recovery episode indefinitely
not ok 1 - new creator plans cannot postpone an unfinished guest recovery episode indefinitely
  ---
  duration_ms: 195.003958
  location: '/private/tmp/fuse-riders-action-log/tests/direct-runtime.test.ts:1:15569'
  failureType: 'testCodeFailure'
  error: |-
    Expected values to be strictly equal:
    
    false !== true
    
  code: 'ERR_ASSERTION'
  name: 'AssertionError'
  expected: true
  actual: false
  operator: 'strictEqual'
  stack: |-
    TestContext.<anonymous> (/private/tmp/fuse-riders-action-log/tests/direct-runtime.test.ts:276:10)
    Test.runInAsyncScope (node:async_hooks:211:14)
    Test.run (node:internal/test_runner/test:979:25)
    Test.start (node:internal/test_runner/test:877:17)
    startSubtestAfterBootstrap (node:internal/test_runner/harness:296:17)
  ...
1..1
# tests 1
# suites 0
# pass 0
# fail 1
# cancelled 0
# skipped 0
# todo 0
# duration_ms 347.671542
