TAP version 13
# Subtest: initial room preparation accepts tick-stamped snapshots and rejects unknown snapshot fields
ok 1 - initial room preparation accepts tick-stamped snapshots and rejects unknown snapshot fields
  ---
  duration_ms: 4.888
  ...
# Subtest: lifecycle changes reproduce validated management operations with neutral input state
ok 2 - lifecycle changes reproduce validated management operations with neutral input state
  ---
  duration_ms: 16.138083
  ...
# Subtest: lifecycle checkpoint validation fences the actual old state and leaves healthy state untouched
ok 3 - lifecycle checkpoint validation fences the actual old state and leaves healthy state untouched
  ---
  duration_ms: 5.221667
  ...
# Subtest: controller status contains no world geometry and cannot change stream ownership
ok 4 - controller status contains no world geometry and cannot change stream ownership
  ---
  duration_ms: 2.128583
  ...
# Subtest: room catalogs and delegation validate identities and mode-specific simulator ownership
ok 5 - room catalogs and delegation validate identities and mode-specific simulator ownership
  ---
  duration_ms: 1.088708
  ...
# Subtest: played lobby catalog reconstructs the exact nonzero-tick checkpoint and ordered historical scores
ok 6 - played lobby catalog reconstructs the exact nonzero-tick checkpoint and ordered historical scores
  ---
  duration_ms: 1.759083
  ...
# Subtest: full-view preparation rejects a valid checkpoint paired with a different phase, round or status
ok 7 - full-view preparation rejects a valid checkpoint paired with a different phase, round or status
  ---
  duration_ms: 7.475416
  ...
# Subtest: serialized reuse references and ACKs enforce closed tuples, bounds and non-tick operations
ok 8 - serialized reuse references and ACKs enforce closed tuples, bounds and non-tick operations
  ---
  duration_ms: 3.449458
  ...
# Subtest: local reuse and checkpoint derivation produce identical bytes and reject altered base or output proofs atomically
ok 9 - local reuse and checkpoint derivation produce identical bytes and reject altered base or output proofs atomically
  ---
  duration_ms: 13.740125
  ...
# Subtest: reuse eligibility retains the original authority and source/local connections across roster changes
ok 10 - reuse eligibility retains the original authority and source/local connections across roster changes
  ---
  duration_ms: 0.593292
  ...
# Subtest: a reference cannot bypass a newer finalized fence on fallback
ok 11 - a reference cannot bypass a newer finalized fence on fallback
  ---
  duration_ms: 3.695666
  ...
# Subtest: runtime activates direct simulators, starts a match and sends actions directly between guests
ok 12 - runtime activates direct simulators, starts a match and sends actions directly between guests
  ---
  duration_ms: 126.049542
  ...
# Subtest: a failed first recovery enqueue is retried and replaces the paused segment
ok 13 - a failed first recovery enqueue is retried and replaces the paused segment
  ---
  duration_ms: 43.117042
  ...
# Subtest: an unavailable recovery coordinator produces a bounded visible fresh-lobby state
ok 14 - an unavailable recovery coordinator produces a bounded visible fresh-lobby state
  ---
  duration_ms: 50.429792
  ...
# Subtest: a release without a usable tick freezes its gesture before a fresh clock can resume input
ok 15 - a release without a usable tick freezes its gesture before a fresh clock can resume input
  ---
  duration_ms: 135.081334
  ...
# Subtest: a refreshed delegated TV without a simulation base pauses instead of creating a new match
ok 16 - a refreshed delegated TV without a simulation base pauses instead of creating a new match
  ---
  duration_ms: 21.777875
  ...
# Subtest: creator refresh in a settled lobby preserves the checkpoint and can switch to shared TV mode
ok 17 - creator refresh in a settled lobby preserves the checkpoint and can switch to shared TV mode
  ---
  duration_ms: 135.370041
  ...
# Subtest: a refreshed guest can rejoin with a fresh command sequence on its replacement connection
ok 18 - a refreshed guest can rejoin with a fresh command sequence on its replacement connection
  ---
  duration_ms: 44.521083
  ...
# Subtest: four healthy connection rebuilds do not consume the corrupt-state recovery budget
ok 19 - four healthy connection rebuilds do not consume the corrupt-state recovery budget
  ---
  duration_ms: 137.692
  ...
# Subtest: a running recovery episode cannot reset its deadline through clock readiness without finality
ok 20 - a running recovery episode cannot reset its deadline through clock readiness without finality
  ---
  duration_ms: 257.640792
  ...
# Subtest: a delegated coordinator stops retrying an unavailable creator after the plan-request deadline
ok 21 - a delegated coordinator stops retrying an unavailable creator after the plan-request deadline
  ---
  duration_ms: 38.322375
  ...
# Subtest: a delayed current-alias activation cannot resume a latched recovery timeout
ok 22 - a delayed current-alias activation cannot resume a latched recovery timeout
  ---
  duration_ms: 187.145292
  ...
# Subtest: a guest returns after a service-observed departure and lobby seat removal
ok 23 - a guest returns after a service-observed departure and lobby seat removal
  ---
  duration_ms: 43.171917
  ...
# Subtest: invalid future actions do not consume the checkpoint and hash recovery budget
ok 24 - invalid future actions do not consume the checkpoint and hash recovery budget
  ---
  duration_ms: 83.612958
  ...
# Subtest: conflicting metadata for an installed preparation charges one corrupt recovery attempt
ok 25 - conflicting metadata for an installed preparation charges one corrupt recovery attempt
  ---
  duration_ms: 37.695583
  ...
# Subtest: checkpoint backpressure pauses preparation and resumes the same transfer after drain
ok 26 - checkpoint backpressure pauses preparation and resumes the same transfer after drain
  ---
  duration_ms: 37.163417
  ...
# Subtest: header and header-ACK enqueue failures retry delivery without substituting for readiness
ok 27 - header and header-ACK enqueue failures retry delivery without substituting for readiness
  ---
  duration_ms: 43.790041
  ...
# Subtest: stale or malformed header acknowledgements cannot stop preparation delivery
ok 28 - stale or malformed header acknowledgements cannot stop preparation delivery
  ---
  duration_ms: 24.068292
  ...
# Subtest: checkpoint chunks alternate eligible recipients with one successful enqueue per scheduler tick
ok 29 - checkpoint chunks alternate eligible recipients with one successful enqueue per scheduler tick
  ---
  duration_ms: 25.220917
  ...
# Subtest: synchronous authority replacement during a chunk send retires the old transfer immediately
ok 30 - synchronous authority replacement during a chunk send retires the old transfer immediately
  ---
  duration_ms: 19.376833
  ...
# Subtest: synchronous end during a header send stops other recipient sends in the same tick
ok 31 - synchronous end during a header send stops other recipient sends in the same tick
  ---
  duration_ms: 19.859083
  ...
# Subtest: persistent checkpoint backpressure cannot extend the recovery deadline indefinitely
ok 32 - persistent checkpoint backpressure cannot extend the recovery deadline indefinitely
  ---
  duration_ms: 154.854416
  ...
# Subtest: new creator plans cannot postpone an unfinished guest recovery episode indefinitely
ok 33 - new creator plans cannot postpone an unfinished guest recovery episode indefinitely
  ---
  duration_ms: 153.132334
  ...
# Subtest: an accepted plan without a preparation header times out visibly
ok 34 - an accepted plan without a preparation header times out visibly
  ---
  duration_ms: 148.076208
  ...
# Subtest: new plans without any headers cannot restart the guest availability deadline
ok 35 - new plans without any headers cannot restart the guest availability deadline
  ---
  duration_ms: 153.745708
  ...
# Subtest: settled room metadata stops repeating until a lifecycle change
ok 36 - settled room metadata stops repeating until a lifecycle change
  ---
  duration_ms: 52.172375
  ...
# Subtest: a rejected plan enqueue and missing acknowledgement retry without reinstalling the plan
ok 37 - a rejected plan enqueue and missing acknowledgement retry without reinstalling the plan
  ---
  duration_ms: 41.572333
  ...
# Subtest: stale and foreign acknowledgements cannot stop paced plan delivery, even with duplicate hellos
ok 38 - stale and foreign acknowledgements cannot stop paced plan delivery, even with duplicate hellos
  ---
  duration_ms: 32.730208
  ...
# Subtest: only an identical current plan duplicate receives another delivery acknowledgement
ok 39 - only an identical current plan duplicate receives another delivery acknowledgement
  ---
  duration_ms: 33.474125
  ...
# Subtest: delegated setup request retries do not resend an already acknowledged room plan
ok 40 - delegated setup request retries do not resend an already acknowledged room plan
  ---
  duration_ms: 20.169
  ...
# Subtest: an intentionally idle shared lobby does not keep a previous simulation recovery deadline running
ok 41 - an intentionally idle shared lobby does not keep a previous simulation recovery deadline running
  ---
  duration_ms: 163.623584
  ...
# Subtest: freezing a runtime deactivates its installed alias before another preparation
ok 42 - freezing a runtime deactivates its installed alias before another preparation
  ---
  duration_ms: 34.448791
  ...
# Subtest: exact lifecycle bases activate without checkpoint chunks even when the bulk lane is blocked
ok 43 - exact lifecycle bases activate without checkpoint chunks even when the bulk lane is blocked
  ---
  duration_ms: 62.739
  ...
# Subtest: only a peer without an eligible base downloads the lifecycle payload
ok 44 - only a peer without an eligible base downloads the lifecycle payload
  ---
  duration_ms: 61.269084
  ...
# Subtest: a conflicting payload ACK fails the current preparation without accepting a new transfer mode
ok 45 - a conflicting payload ACK fails the current preparation without accepting a new transfer mode
  ---
  duration_ms: 22.052709
  ...
1..45
# tests 45
# suites 0
# pass 45
# fail 0
# cancelled 0
# skipped 0
# todo 0
# duration_ms 2832.542625
