
> fuse-riders@1.0.0 build
> tsc --noEmit && vite build

vite v7.3.6 building client environment for production...
transforming...
✓ 307 modules transformed.
rendering chunks...
computing gzip size...
dist/index.html                                                 0.52 kB │ gzip:   0.32 kB
dist/assets/press-start-2p-latin-400-normal-KLytu4cr.woff       6.33 kB
dist/assets/press-start-2p-latin-400-normal-_wFEWmAB.woff2     12.51 kB
dist/assets/index-tP3CK0c_.css                                 23.76 kB │ gzip:   6.41 kB
dist/assets/ui-CFcJhZq-.css                                    28.24 kB │ gzip:   6.47 kB
dist/assets/index-BudL-IAM.js                                 164.91 kB │ gzip:  59.92 kB
dist/assets/ui-DK3pa19l.js                                    169.13 kB │ gzip:  52.58 kB
dist/assets/arena-C8TUo-7E.js                               1,223.74 kB │ gzip: 338.21 kB

(!) Some chunks are larger than 500 kB after minification. Consider:
- Using dynamic import() to code-split the application
- Use build.rollupOptions.output.manualChunks to improve chunking: https://rollupjs.org/configuration-options/#output-manualchunks
- Adjust chunk size limit for this warning via build.chunkSizeWarningLimit.
✓ built in 2.46s
