Guest roster confirmed
Five riders joined
Settings/reset confirmed
ROOM DIAGNOSTIC 0 <page closed>
ROOM DIAGNOSTIC 2 <page closed>
ROOM DIAGNOSTIC 3 <page closed>
ROOM DIAGNOSTIC 4 <page closed>
node:internal/modules/run_main:122
    triggerUncaughtException(
    ^

locator.click: Target page, context or browser has been closed
Call log:
[2m  - waiting for locator('.mobile-tools-toggle')[22m
[2m    - locator resolved to <button aria-expanded="false" class="mobile-tools-toggle">☰ MENU</button>[22m
[2m  - attempting click action[22m
[2m    2 × waiting for element to be visible, enabled and stable[22m
[2m      - element is not visible[22m
[2m    - retrying click action[22m
[2m    - waiting 20ms[22m
[2m    2 × waiting for element to be visible, enabled and stable[22m
[2m      - element is not visible[22m
[2m    - retrying click action[22m
[2m      - waiting 100ms[22m
[2m    23 × waiting for element to be visible, enabled and stable[22m
[2m       - element is not visible[22m
[2m     - retrying click action[22m
[2m       - waiting 500ms[22m

    at <anonymous> (/private/tmp/fuse-riders-action-log/scripts/online-smoke.ts:29:47) {
  log: [
    "  - waiting for locator('.mobile-tools-toggle')",
    '    - locator resolved to <button aria-expanded="false" class="mobile-tools-toggle">☰ MENU</button>',
    '  - attempting click action',
    '    2 × waiting for element to be visible, enabled and stable',
    '      - element is not visible',
    '    - retrying click action',
    '    - waiting 20ms',
    '    2 × waiting for element to be visible, enabled and stable',
    '      - element is not visible',
    '    - retrying click action',
    '      - waiting 100ms',
    '    23 × waiting for element to be visible, enabled and stable',
    '       - element is not visible',
    '     - retrying click action',
    '       - waiting 500ms'
  ]
}

Node.js v22.14.0
