TAP version 13
# Subtest: runtime activates direct simulators, starts a match and sends actions directly between guests
ok 1 - runtime activates direct simulators, starts a match and sends actions directly between guests
  ---
  duration_ms: 138.117833
  ...
# Subtest: a failed first recovery enqueue is retried and replaces the paused segment
ok 2 - a failed first recovery enqueue is retried and replaces the paused segment
  ---
  duration_ms: 39.017541
  ...
# Subtest: an unavailable recovery coordinator produces a bounded visible fresh-lobby state
ok 3 - an unavailable recovery coordinator produces a bounded visible fresh-lobby state
  ---
  duration_ms: 47.849958
  ...
# Subtest: a release without a usable tick freezes its gesture before a fresh clock can resume input
ok 4 - a release without a usable tick freezes its gesture before a fresh clock can resume input
  ---
  duration_ms: 170.438292
  ...
# Subtest: a refreshed delegated TV without a simulation base pauses instead of creating a new match
ok 5 - a refreshed delegated TV without a simulation base pauses instead of creating a new match
  ---
  duration_ms: 23.842625
  ...
# Subtest: creator refresh in a settled lobby preserves the checkpoint and can switch to shared TV mode
ok 6 - creator refresh in a settled lobby preserves the checkpoint and can switch to shared TV mode
  ---
  duration_ms: 143.062875
  ...
# Subtest: a refreshed guest can rejoin with a fresh command sequence on its replacement connection
ok 7 - a refreshed guest can rejoin with a fresh command sequence on its replacement connection
  ---
  duration_ms: 42.4115
  ...
# Subtest: four healthy connection rebuilds do not consume the corrupt-state recovery budget
ok 8 - four healthy connection rebuilds do not consume the corrupt-state recovery budget
  ---
  duration_ms: 153.19125
  ...
# Subtest: a running recovery episode cannot reset its deadline through clock readiness without finality
ok 9 - a running recovery episode cannot reset its deadline through clock readiness without finality
  ---
  duration_ms: 365.991041
  ...
# Subtest: a delegated coordinator stops retrying an unavailable creator after the plan-request deadline
ok 10 - a delegated coordinator stops retrying an unavailable creator after the plan-request deadline
  ---
  duration_ms: 37.126625
  ...
# Subtest: a delayed current-alias activation cannot resume a latched recovery timeout
ok 11 - a delayed current-alias activation cannot resume a latched recovery timeout
  ---
  duration_ms: 189.1725
  ...
# Subtest: a guest returns after a service-observed departure and lobby seat removal
not ok 12 - a guest returns after a service-observed departure and lobby seat removal
  ---
  duration_ms: 27.618292
  location: '/private/tmp/fuse-riders-action-log/tests/direct-runtime.test.ts:1:11593'
  failureType: 'testCodeFailure'
  error: |-
    {"id":"p0","notices":["Synchronizing direct simulation","Connected · direct action simulation","Synchronizing direct simulation","Connected · direct action simulation","Synchronizing direct simulation","Connected · direct action simulation","Synchronizing direct simulation","Connected · direct action simulation","Cannot set properties of undefined (setting 'buffer')"],"metrics":{"mode":"direct","coordinator":"p0","alias":5,"simulator":true,"replicaTick":0,"finalizedTick":0,"retainedRecords":0,"rollbackCount":0,"fastSentBytes":0,"binarySentBytes":0,"recoveryRequired":true,"lastFault":"Cannot set properties of undefined (setting 'buffer')","barrier":false,"fault":"Segment replaced"}}
    + actual - expected
    
    + undefined
    - true
    
  code: 'ERR_ASSERTION'
  name: 'AssertionError'
  expected: true
  operator: 'strictEqual'
  stack: |-
    TestContext.<anonymous> (/private/tmp/fuse-riders-action-log/tests/direct-runtime.test.ts:193:51)
    Test.runInAsyncScope (node:async_hooks:211:14)
    Test.run (node:internal/test_runner/test:979:25)
    Test.processPendingSubtests (node:internal/test_runner/test:677:18)
    Test.postRun (node:internal/test_runner/test:1090:19)
    Test.run (node:internal/test_runner/test:1018:12)
    async Test.processPendingSubtests (node:internal/test_runner/test:677:7)
  ...
1..12
# tests 12
# suites 0
# pass 11
# fail 1
# cancelled 0
# skipped 0
# todo 0
# duration_ms 1525.502875
