TAP version 13
# Subtest: only the installed coordinator pause freezes play while a delayed replacement plan arrives
ok 1 - only the installed coordinator pause freezes play while a delayed replacement plan arrives
  ---
  duration_ms: 175.892041
  ...
# Subtest: duplicate coordinator pauses cannot postpone the missing-plan recovery deadline
ok 2 - duplicate coordinator pauses cannot postpone the missing-plan recovery deadline
  ---
  duration_ms: 124.19825
  ...
# Subtest: a paused controller keeps its published scene despite queued old-segment status
ok 3 - a paused controller keeps its published scene despite queued old-segment status
  ---
  duration_ms: 56.322291
  ...
1..3
# tests 3
# suites 0
# pass 3
# fail 0
# cancelled 0
# skipped 0
# todo 0
# duration_ms 612.811916
