TAP version 13
# Subtest: a participant behind coordinator finality can request fresh completeness from already-finalized origins
not ok 1 - a participant behind coordinator finality can request fresh completeness from already-finalized origins
  ---
  duration_ms: 136.018583
  location: '/private/tmp/fuse-riders-action-log/tests/direct-segment.test.ts:1:21331'
  failureType: 'testCodeFailure'
  error: 'an already-finalized settle target must resend its certificate'
  code: 'ERR_ASSERTION'
  name: 'AssertionError'
  expected: true
  actual: false
  operator: '=='
  stack: |-
    TestContext.<anonymous> (/private/tmp/fuse-riders-action-log/tests/direct-segment.test.ts:340:10)
    Test.runInAsyncScope (node:async_hooks:211:14)
    Test.run (node:internal/test_runner/test:979:25)
    Test.start (node:internal/test_runner/test:877:17)
    startSubtestAfterBootstrap (node:internal/test_runner/harness:296:17)
  ...
# Subtest: losing one quiet heartbeat path does not strand a view behind finality while direct progress repair remains available
ok 2 - losing one quiet heartbeat path does not strand a view behind finality while direct progress repair remains available
  ---
  duration_ms: 1128.909791
  ...
1..2
# tests 2
# suites 0
# pass 1
# fail 1
# cancelled 0
# skipped 0
# todo 0
# duration_ms 1407.541125
