chromium 17 {
  ticks: 600,
  rollback: {
    count: 289,
    p50: 1.700000286102295,
    p95: 3.1999998092651367,
    p99: 3.8000001907348633,
    max: 8.299999713897705
  },
  retained: { count: 60, p50: 93204, p95: 102949, p99: 105343, max: 105343 }
}
chromium 42 {
  ticks: 600,
  rollback: {
    count: 258,
    p50: 1.700000286102295,
    p95: 3.3000001907348633,
    p99: 3.8000001907348633,
    max: 6.400000095367432
  },
  retained: { count: 60, p50: 92280, p95: 107087, p99: 109757, max: 109757 }
}
chromium 901 {
  ticks: 600,
  rollback: {
    count: 256,
    p50: 1.9000000953674316,
    p95: 3.3999996185302734,
    p99: 3.8000001907348633,
    max: 5.200000286102295
  },
  retained: { count: 60, p50: 93854, p95: 105352, p99: 107464, max: 107464 }
}
webkit 17 {
  ticks: 600,
  rollback: { count: 289, p50: 2, p95: 3, p99: 4, max: 5 },
  retained: { count: 60, p50: 93204, p95: 102949, p99: 105343, max: 105343 }
}
webkit 42 {
  ticks: 600,
  rollback: { count: 258, p50: 1, p95: 3, p99: 4, max: 5 },
  retained: { count: 60, p50: 92280, p95: 107087, p99: 109757, max: 109757 }
}
webkit 901 {
  ticks: 600,
  rollback: { count: 256, p50: 2, p95: 3, p99: 4, max: 4 },
  retained: { count: 60, p50: 93854, p95: 105352, p99: 107464, max: 107464 }
}
