TAP version 13
# Subtest: initial room preparation accepts tick-stamped snapshots and rejects unknown snapshot fields
ok 1 - initial room preparation accepts tick-stamped snapshots and rejects unknown snapshot fields
  ---
  duration_ms: 11.851917
  ...
# Subtest: lifecycle changes reproduce validated management operations with neutral input state
ok 2 - lifecycle changes reproduce validated management operations with neutral input state
  ---
  duration_ms: 13.839375
  ...
# Subtest: lifecycle checkpoint validation fences the actual old state and leaves healthy state untouched
ok 3 - lifecycle checkpoint validation fences the actual old state and leaves healthy state untouched
  ---
  duration_ms: 6.05075
  ...
# Subtest: controller status contains no world geometry and cannot change stream ownership
ok 4 - controller status contains no world geometry and cannot change stream ownership
  ---
  duration_ms: 2.607125
  ...
# Subtest: room catalogs and delegation validate identities and mode-specific simulator ownership
ok 5 - room catalogs and delegation validate identities and mode-specific simulator ownership
  ---
  duration_ms: 1.702334
  ...
# Subtest: played lobby catalog reconstructs the exact nonzero-tick checkpoint and ordered historical scores
ok 6 - played lobby catalog reconstructs the exact nonzero-tick checkpoint and ordered historical scores
  ---
  duration_ms: 1.796083
  ...
# Subtest: full-view preparation rejects a valid checkpoint paired with a different phase, round or status
ok 7 - full-view preparation rejects a valid checkpoint paired with a different phase, round or status
  ---
  duration_ms: 8.1845
  ...
# Subtest: serialized reuse references and ACKs enforce closed tuples, bounds and non-tick operations
ok 8 - serialized reuse references and ACKs enforce closed tuples, bounds and non-tick operations
  ---
  duration_ms: 2.833833
  ...
# Subtest: local reuse and checkpoint derivation produce identical bytes and reject altered base or output proofs atomically
ok 9 - local reuse and checkpoint derivation produce identical bytes and reject altered base or output proofs atomically
  ---
  duration_ms: 15.298791
  ...
# Subtest: reuse eligibility retains the original authority and source/local connections across roster changes
ok 10 - reuse eligibility retains the original authority and source/local connections across roster changes
  ---
  duration_ms: 0.732792
  ...
# Subtest: a reference cannot bypass a newer finalized fence on fallback
ok 11 - a reference cannot bypass a newer finalized fence on fallback
  ---
  duration_ms: 4.142833
  ...
# Subtest: reference admission counts MessagePack containers and the largest complete recipient envelope
ok 12 - reference admission counts MessagePack containers and the largest complete recipient envelope
  ---
  duration_ms: 5.688667
  ...
# Subtest: pending powerup settings derive identically from the authenticated plan on reuse and checkpoint fallback
ok 13 - pending powerup settings derive identically from the authenticated plan on reuse and checkpoint fallback
  ---
  duration_ms: 8.127084
  ...
# Subtest: lifecycle reuse reconstructs the referenced retained tick without advancing old finality
ok 14 - lifecycle reuse reconstructs the referenced retained tick without advancing old finality
  ---
  duration_ms: 21.762583
  ...
# Subtest: runtime activates direct simulators, starts a match and sends actions directly between guests
ok 15 - runtime activates direct simulators, starts a match and sends actions directly between guests
  ---
  duration_ms: 141.865166
  ...
# Subtest: a failed first recovery enqueue is retried and replaces the paused segment
ok 16 - a failed first recovery enqueue is retried and replaces the paused segment
  ---
  duration_ms: 50.594958
  ...
# Subtest: an unavailable recovery coordinator produces a bounded visible fresh-lobby state
ok 17 - an unavailable recovery coordinator produces a bounded visible fresh-lobby state
  ---
  duration_ms: 60.053625
  ...
# Subtest: a release without a usable tick freezes its gesture before a fresh clock can resume input
ok 18 - a release without a usable tick freezes its gesture before a fresh clock can resume input
  ---
  duration_ms: 180.331208
  ...
# Subtest: a refreshed delegated TV without a simulation base pauses instead of creating a new match
ok 19 - a refreshed delegated TV without a simulation base pauses instead of creating a new match
  ---
  duration_ms: 27.468542
  ...
# Subtest: creator refresh in a settled lobby preserves the checkpoint and can switch to shared TV mode
ok 20 - creator refresh in a settled lobby preserves the checkpoint and can switch to shared TV mode
  ---
  duration_ms: 162.072541
  ...
# Subtest: a refreshed guest can rejoin with a fresh command sequence on its replacement connection
ok 21 - a refreshed guest can rejoin with a fresh command sequence on its replacement connection
  ---
  duration_ms: 51.497125
  ...
# Subtest: four healthy connection rebuilds do not consume the corrupt-state recovery budget
ok 22 - four healthy connection rebuilds do not consume the corrupt-state recovery budget
  ---
  duration_ms: 157.863417
  ...
# Subtest: a running recovery episode cannot reset its deadline through clock readiness without finality
ok 23 - a running recovery episode cannot reset its deadline through clock readiness without finality
  ---
  duration_ms: 317.857416
  ...
# Subtest: a delegated coordinator stops retrying an unavailable creator after the plan-request deadline
ok 24 - a delegated coordinator stops retrying an unavailable creator after the plan-request deadline
  ---
  duration_ms: 43.676916
  ...
# Subtest: a delayed current-alias activation cannot resume a latched recovery timeout
ok 25 - a delayed current-alias activation cannot resume a latched recovery timeout
  ---
  duration_ms: 223.951542
  ...
# Subtest: a guest returns after a service-observed departure and lobby seat removal
ok 26 - a guest returns after a service-observed departure and lobby seat removal
  ---
  duration_ms: 55.258125
  ...
# Subtest: invalid future actions do not consume the checkpoint and hash recovery budget
ok 27 - invalid future actions do not consume the checkpoint and hash recovery budget
  ---
  duration_ms: 100.258375
  ...
# Subtest: conflicting metadata for an installed preparation charges one corrupt recovery attempt
ok 28 - conflicting metadata for an installed preparation charges one corrupt recovery attempt
  ---
  duration_ms: 44.353167
  ...
# Subtest: checkpoint backpressure pauses preparation and resumes the same transfer after drain
ok 29 - checkpoint backpressure pauses preparation and resumes the same transfer after drain
  ---
  duration_ms: 43.266667
  ...
# Subtest: header and header-ACK enqueue failures retry delivery without substituting for readiness
ok 30 - header and header-ACK enqueue failures retry delivery without substituting for readiness
  ---
  duration_ms: 50.846583
  ...
# Subtest: header retries distinguish failed enqueue from a queued header awaiting acknowledgement
ok 31 - header retries distinguish failed enqueue from a queued header awaiting acknowledgement
  ---
  duration_ms: 48.362208
  ...
# Subtest: stale or malformed header acknowledgements cannot stop preparation delivery
ok 32 - stale or malformed header acknowledgements cannot stop preparation delivery
  ---
  duration_ms: 31.851042
  ...
# Subtest: checkpoint chunks alternate eligible recipients with one successful enqueue per scheduler tick
ok 33 - checkpoint chunks alternate eligible recipients with one successful enqueue per scheduler tick
  ---
  duration_ms: 31.246292
  ...
# Subtest: synchronous authority replacement during a chunk send retires the old transfer immediately
ok 34 - synchronous authority replacement during a chunk send retires the old transfer immediately
  ---
  duration_ms: 23.034458
  ...
# Subtest: synchronous end during a header send stops other recipient sends in the same tick
ok 35 - synchronous end during a header send stops other recipient sends in the same tick
  ---
  duration_ms: 24.017292
  ...
# Subtest: persistent checkpoint backpressure cannot extend the recovery deadline indefinitely
ok 36 - persistent checkpoint backpressure cannot extend the recovery deadline indefinitely
  ---
  duration_ms: 173.160125
  ...
# Subtest: new creator plans cannot postpone an unfinished guest recovery episode indefinitely
ok 37 - new creator plans cannot postpone an unfinished guest recovery episode indefinitely
  ---
  duration_ms: 172.604125
  ...
# Subtest: an accepted plan without a preparation header times out visibly
ok 38 - an accepted plan without a preparation header times out visibly
  ---
  duration_ms: 171.364041
  ...
# Subtest: new plans without any headers cannot restart the guest availability deadline
ok 39 - new plans without any headers cannot restart the guest availability deadline
  ---
  duration_ms: 166.803
  ...
# Subtest: settled room metadata stops repeating until a lifecycle change
ok 40 - settled room metadata stops repeating until a lifecycle change
  ---
  duration_ms: 60.44125
  ...
# Subtest: a rejected plan enqueue and missing acknowledgement retry without reinstalling the plan
ok 41 - a rejected plan enqueue and missing acknowledgement retry without reinstalling the plan
  ---
  duration_ms: 47.969667
  ...
# Subtest: stale and foreign acknowledgements cannot stop paced plan delivery, even with duplicate hellos
ok 42 - stale and foreign acknowledgements cannot stop paced plan delivery, even with duplicate hellos
  ---
  duration_ms: 39.24225
  ...
# Subtest: only an identical current plan duplicate receives another delivery acknowledgement
ok 43 - only an identical current plan duplicate receives another delivery acknowledgement
  ---
  duration_ms: 39.795667
  ...
# Subtest: delegated setup request retries do not resend an already acknowledged room plan
ok 44 - delegated setup request retries do not resend an already acknowledged room plan
  ---
  duration_ms: 25.553625
  ...
# Subtest: an intentionally idle shared lobby does not keep a previous simulation recovery deadline running
ok 45 - an intentionally idle shared lobby does not keep a previous simulation recovery deadline running
  ---
  duration_ms: 183.801708
  ...
# Subtest: freezing a runtime deactivates its installed alias before another preparation
ok 46 - freezing a runtime deactivates its installed alias before another preparation
  ---
  duration_ms: 40.840209
  ...
# Subtest: exact lifecycle bases activate without checkpoint chunks even when the bulk lane is blocked
ok 47 - exact lifecycle bases activate without checkpoint chunks even when the bulk lane is blocked
  ---
  duration_ms: 74.870792
  ...
# Subtest: only a peer without an eligible base downloads the lifecycle payload
ok 48 - only a peer without an eligible base downloads the lifecycle payload
  ---
  duration_ms: 73.166708
  ...
# Subtest: a conflicting payload ACK fails the current preparation without accepting a new transfer mode
ok 49 - a conflicting payload ACK fails the current preparation without accepting a new transfer mode
  ---
  duration_ms: 28.37575
  ...
# Subtest: delayed remote rendering preserves immediate local steering without advancing simulation or sending packets
ok 50 - delayed remote rendering preserves immediate local steering without advancing simulation or sending packets
  ---
  duration_ms: 73.070166
  ...
# Subtest: an unqualified clock freezes the complete last rendered scene including the local overlay
ok 51 - an unqualified clock freezes the complete last rendered scene including the local overlay
  ---
  duration_ms: 99.040833
  ...
# Subtest: discarding the simulator retires cached rendering and idle catalogs stay current before TV activation
ok 52 - discarding the simulator retires cached rendering and idle catalogs stay current before TV activation
  ---
  duration_ms: 147.820167
  ...
# Subtest: individual views and shared-TV controllers play consecutive rounds in one segment without checkpoint traffic
ok 53 - individual views and shared-TV controllers play consecutive rounds in one segment without checkpoint traffic
  ---
  duration_ms: 1111.844292
  ...
# Subtest: shared-controller statuses retain departed human and exact bot identities across rounds
ok 54 - shared-controller statuses retain departed human and exact bot identities across rounds
  ---
  duration_ms: 275.98475
  ...
# Subtest: only the installed coordinator pause freezes play while a delayed replacement plan arrives
ok 55 - only the installed coordinator pause freezes play while a delayed replacement plan arrives
  ---
  duration_ms: 108.313167
  ...
# Subtest: duplicate coordinator pauses cannot postpone the missing-plan recovery deadline
ok 56 - duplicate coordinator pauses cannot postpone the missing-plan recovery deadline
  ---
  duration_ms: 117.609709
  ...
# Subtest: a paused controller keeps its published scene despite queued old-segment status
ok 57 - a paused controller keeps its published scene despite queued old-segment status
  ---
  duration_ms: 47.614292
  ...
# Subtest: transient pulse activation failure on p0 retains the frozen world and retries the same prepared match
ok 58 - transient pulse activation failure on p0 retains the frozen world and retries the same prepared match
  ---
  duration_ms: 83.642375
  ...
# Subtest: transient pulse activation failure on p1 retains the frozen world and retries the same prepared match
ok 59 - transient pulse activation failure on p1 retains the frozen world and retries the same prepared match
  ---
  duration_ms: 86.448792
  ...
# Subtest: permanently unavailable pulse activation retains the bounded setup and recovery deadlines
ok 60 - permanently unavailable pulse activation retains the bounded setup and recovery deadlines
  ---
  duration_ms: 101.433875
  ...
# Subtest: authority replacement during pulse activation cannot publish or acknowledge the retired preparation
ok 61 - authority replacement during pulse activation cannot publish or acknowledge the retired preparation
  ---
  duration_ms: 25.142083
  ...
# Subtest: an activation callback cannot install a prepared world after setup expiry before the scheduler runs
ok 62 - an activation callback cannot install a prepared world after setup expiry before the scheduler runs
  ---
  duration_ms: 26.834584
  ...
# Subtest: delayed finality certificates do not force checkpoint transfers for a retained lifecycle base
ok 63 - delayed finality certificates do not force checkpoint transfers for a retained lifecycle base
  ---
  duration_ms: 194.356083
  ...
1..63
# tests 63
# suites 0
# pass 63
# fail 0
# cancelled 0
# skipped 0
# todo 0
# duration_ms 5925.207792
