TAP version 13
# Subtest: lifecycle reuse reconstructs the referenced retained tick without advancing old finality
not ok 1 - lifecycle reuse reconstructs the referenced retained tick without advancing old finality
  ---
  duration_ms: 35.406375
  location: '/private/tmp/fuse-riders-action-log/tests/direct-room-state.test.ts:1:14956'
  failureType: 'testCodeFailure'
  error: 'authenticated lifecycle reference can match retained state despite delayed old finality'
  code: 'ERR_ASSERTION'
  name: 'AssertionError'
  expected: true
  operator: '=='
  stack: |-
    TestContext.<anonymous> (/private/tmp/fuse-riders-action-log/tests/direct-room-state.test.ts:232:10)
    Test.runInAsyncScope (node:async_hooks:211:14)
    Test.run (node:internal/test_runner/test:979:25)
    Test.start (node:internal/test_runner/test:877:17)
    startSubtestAfterBootstrap (node:internal/test_runner/harness:296:17)
  ...
1..1
# tests 1
# suites 0
# pass 0
# fail 1
# cancelled 0
# skipped 0
# todo 0
# duration_ms 278.919291
