TAP version 13
# Subtest: lifecycle reuse reconstructs the referenced retained tick without advancing old finality
ok 1 - lifecycle reuse reconstructs the referenced retained tick without advancing old finality
  ---
  duration_ms: 48.370333
  ...
# Subtest: delayed finality certificates do not force checkpoint transfers for a retained lifecycle base
ok 2 - delayed finality certificates do not force checkpoint transfers for a retained lifecycle base
  ---
  duration_ms: 279.935375
  ...
1..2
# tests 2
# suites 0
# pass 2
# fail 0
# cancelled 0
# skipped 0
# todo 0
# duration_ms 439.7625
